SyntaxError: Expected property name or '}' in JSON at position 1
    at JSON.parse (<anonymous>)
    at parse (C:\Users\parvi\Desktop\Новая папка\GameOn\node_modules\body-parser\lib\types\json.js:92:19)
    at C:\Users\parvi\Desktop\Новая папка\GameOn\node_modules\body-parser\lib\read.js:128:18
    at AsyncResource.runInAsyncScope (node:async_hooks:206:9)
    at invokeCallback (C:\Users\parvi\Desktop\Новая папка\GameOn\node_modules\raw-body\index.js:238:16)
    at done (C:\Users\parvi\Desktop\Новая папка\GameOn\node_modules\raw-body\index.js:227:7)
    at IncomingMessage.onEnd (C:\Users\parvi\Desktop\Новая папка\GameOn\node_modules\raw-body\index.js:287:7)
    at IncomingMessage.emit (node:events:524:28)
    at endReadableNT (node:internal/streams/readable:1698:12)
    at process.processTicksAndRejections (node:internal/process/task_queues:82:21) {
  expose: true,
  statusCode: 400,
  status: 400,
  body: '{email:curl88418d87@example.com,password:password123}',
  type: 'entity.parse.failed'
}
SyntaxError: Expected property name or '}' in JSON at position 1
    at JSON.parse (<anonymous>)
    at parse (C:\Users\parvi\Desktop\Новая папка\GameOn\node_modules\body-parser\lib\types\json.js:92:19)
    at C:\Users\parvi\Desktop\Новая папка\GameOn\node_modules\body-parser\lib\read.js:128:18
    at AsyncResource.runInAsyncScope (node:async_hooks:206:9)
    at invokeCallback (C:\Users\parvi\Desktop\Новая папка\GameOn\node_modules\raw-body\index.js:238:16)
    at done (C:\Users\parvi\Desktop\Новая папка\GameOn\node_modules\raw-body\index.js:227:7)
    at IncomingMessage.onEnd (C:\Users\parvi\Desktop\Новая папка\GameOn\node_modules\raw-body\index.js:287:7)
    at IncomingMessage.emit (node:events:524:28)
    at endReadableNT (node:internal/streams/readable:1698:12)
    at process.processTicksAndRejections (node:internal/process/task_queues:82:21) {
  expose: true,
  statusCode: 400,
  status: 400,
  body: '{goal:Стать сильнее и дисциплинированнее}',
  type: 'entity.parse.failed'
}
SyntaxError: Expected property name or '}' in JSON at position 1
    at JSON.parse (<anonymous>)
    at parse (C:\Users\parvi\Desktop\Новая папка\GameOn\node_modules\body-parser\lib\types\json.js:92:19)
    at C:\Users\parvi\Desktop\Новая папка\GameOn\node_modules\body-parser\lib\read.js:128:18
    at AsyncResource.runInAsyncScope (node:async_hooks:206:9)
    at invokeCallback (C:\Users\parvi\Desktop\Новая папка\GameOn\node_modules\raw-body\index.js:238:16)
    at done (C:\Users\parvi\Desktop\Новая папка\GameOn\node_modules\raw-body\index.js:227:7)
    at IncomingMessage.onEnd (C:\Users\parvi\Desktop\Новая папка\GameOn\node_modules\raw-body\index.js:287:7)
    at IncomingMessage.emit (node:events:524:28)
    at endReadableNT (node:internal/streams/readable:1698:12)
    at process.processTicksAndRejections (node:internal/process/task_queues:82:21) {
  expose: true,
  statusCode: 400,
  status: 400,
  body: '{time:1713552000,type:positive,text:Сделал тренировку,impactMental:20,impactPhysical:30,impactMoral:10,impactFinancial:0}',
  type: 'entity.parse.failed'
}
SyntaxError: Expected property name or '}' in JSON at position 1
    at JSON.parse (<anonymous>)
    at parse (C:\Users\parvi\Desktop\Новая папка\GameOn\node_modules\body-parser\lib\types\json.js:92:19)
    at C:\Users\parvi\Desktop\Новая папка\GameOn\node_modules\body-parser\lib\read.js:128:18
    at AsyncResource.runInAsyncScope (node:async_hooks:206:9)
    at invokeCallback (C:\Users\parvi\Desktop\Новая папка\GameOn\node_modules\raw-body\index.js:238:16)
    at done (C:\Users\parvi\Desktop\Новая папка\GameOn\node_modules\raw-body\index.js:227:7)
    at IncomingMessage.onEnd (C:\Users\parvi\Desktop\Новая папка\GameOn\node_modules\raw-body\index.js:287:7)
    at IncomingMessage.emit (node:events:524:28)
    at endReadableNT (node:internal/streams/readable:1698:12)
    at process.processTicksAndRejections (node:internal/process/task_queues:82:21) {
  expose: true,
  statusCode: 400,
  status: 400,
  body: '{\\',
  type: 'entity.parse.failed'
}
SyntaxError: Expected property name or '}' in JSON at position 1
    at JSON.parse (<anonymous>)
    at parse (C:\Users\parvi\Desktop\Новая папка\GameOn\node_modules\body-parser\lib\types\json.js:92:19)
    at C:\Users\parvi\Desktop\Новая папка\GameOn\node_modules\body-parser\lib\read.js:128:18
    at AsyncResource.runInAsyncScope (node:async_hooks:206:9)
    at invokeCallback (C:\Users\parvi\Desktop\Новая папка\GameOn\node_modules\raw-body\index.js:238:16)
    at done (C:\Users\parvi\Desktop\Новая папка\GameOn\node_modules\raw-body\index.js:227:7)
    at IncomingMessage.onEnd (C:\Users\parvi\Desktop\Новая папка\GameOn\node_modules\raw-body\index.js:287:7)
    at IncomingMessage.emit (node:events:524:28)
    at endReadableNT (node:internal/streams/readable:1698:12)
    at process.processTicksAndRejections (node:internal/process/task_queues:82:21) {
  expose: true,
  statusCode: 400,
  status: 400,
  body: '{\\',
  type: 'entity.parse.failed'
}
